0 verbose cli /opt/homebrew/Cellar/node/26.3.0/bin/node /opt/homebrew/bin/npm
1 info using npm@11.16.0
2 info using node@v26.3.0
3 silly config load:file:/opt/homebrew/lib/node_modules/npm/npmrc
4 silly config load:file:/Users/azkaalmulki/Documents/GitHub/belajarvicoding/.npmrc
5 silly config load:file:/Users/azkaalmulki/.npmrc
6 silly config load:file:/opt/homebrew/etc/npmrc
7 verbose title npm install
8 verbose argv "install" "--no-audit" "--no-fund" "--cache" ".npm-cache"
9 verbose logfile logs-max:10 dir:/Users/azkaalmulki/Documents/GitHub/belajarvicoding/.npm-cache/_logs/2026-10-04T09_28_48_488Z-
10 verbose logfile /Users/azkaalmulki/Documents/GitHub/belajarvicoding/.npm-cache/_logs/2026-10-04T09_28_48_488Z-debug-0.log
11 silly logfile done cleaning log files
12 silly packumentCache heap:4395630592 maxSize:1098907648 maxEntrySize:549453824
13 silly idealTree buildDeps
14 silly fetch manifest lucide-react@^0.468.0
15 silly packumentCache full:https://registry.npmjs.org/lucide-react cache-miss
16 http fetch GET 200 https://registry.npmjs.org/npm 1362ms
17 http fetch GET 200 https://registry.npmjs.org/lucide-react 5551ms (cache miss)
18 silly packumentCache full:https://registry.npmjs.org/lucide-react set size:undefined disposed:false
19 silly fetch manifest react@^19.1.1
20 silly packumentCache full:https://registry.npmjs.org/react cache-miss
21 http fetch GET 200 https://registry.npmjs.org/react 1833ms (cache miss)
22 silly packumentCache full:https://registry.npmjs.org/react set size:undefined disposed:false
23 silly fetch manifest react-dom@^19.1.1
24 silly packumentCache full:https://registry.npmjs.org/react-dom cache-miss
25 http fetch GET 200 https://registry.npmjs.org/react-dom 1488ms (cache miss)
26 silly packumentCache full:https://registry.npmjs.org/react-dom set size:undefined disposed:false
27 silly fetch manifest @vitejs/plugin-react@^5.0.4
28 silly packumentCache full:https://registry.npmjs.org/@vitejs%2fplugin-react cache-miss
29 http fetch GET 200 https://registry.npmjs.org/@vitejs%2fplugin-react 130ms (cache miss)
30 silly packumentCache full:https://registry.npmjs.org/@vitejs%2fplugin-react set size:undefined disposed:false
31 silly fetch manifest vite@^7.1.7
32 silly packumentCache full:https://registry.npmjs.org/vite cache-miss
33 http fetch GET 200 https://registry.npmjs.org/vite 9740ms (cache miss)
34 silly packumentCache full:https://registry.npmjs.org/vite set size:undefined disposed:false
35 silly fetch manifest @types/node@^20.19.0 || >=22.12.0
36 silly packumentCache full:https://registry.npmjs.org/@types%2fnode cache-miss
37 http fetch GET 200 https://registry.npmjs.org/@types%2fnode 1589ms (cache miss)
38 silly packumentCache full:https://registry.npmjs.org/@types%2fnode set size:undefined disposed:false
39 silly fetch manifest jiti@>=1.21.0
40 silly packumentCache full:https://registry.npmjs.org/jiti cache-miss
41 http fetch GET 200 https://registry.npmjs.org/jiti 252ms (cache miss)
42 silly packumentCache full:https://registry.npmjs.org/jiti set size:undefined disposed:false
43 silly fetch manifest less@^4.0.0
44 silly packumentCache full:https://registry.npmjs.org/less cache-miss
45 http fetch GET 200 https://registry.npmjs.org/less 285ms (cache miss)
46 silly packumentCache full:https://registry.npmjs.org/less set size:undefined disposed:false
47 silly fetch manifest lightningcss@^1.21.0
48 silly packumentCache full:https://registry.npmjs.org/lightningcss cache-miss
49 http fetch GET 200 https://registry.npmjs.org/lightningcss 320ms (cache miss)
50 silly packumentCache full:https://registry.npmjs.org/lightningcss set size:undefined disposed:false
51 silly fetch manifest sass@^1.70.0
52 silly packumentCache full:https://registry.npmjs.org/sass cache-miss
53 http fetch GET 200 https://registry.npmjs.org/sass 308ms (cache miss)
54 silly packumentCache full:https://registry.npmjs.org/sass set size:undefined disposed:false
55 silly fetch manifest sass-embedded@^1.70.0
56 silly packumentCache full:https://registry.npmjs.org/sass-embedded cache-miss
57 http fetch GET 200 https://registry.npmjs.org/sass-embedded 282ms (cache miss)
58 silly packumentCache full:https://registry.npmjs.org/sass-embedded set size:undefined disposed:false
59 silly fetch manifest stylus@>=0.54.8
60 silly packumentCache full:https://registry.npmjs.org/stylus cache-miss
61 http fetch GET 200 https://registry.npmjs.org/stylus 214ms (cache miss)
62 silly packumentCache full:https://registry.npmjs.org/stylus set size:undefined disposed:false
63 silly fetch manifest sugarss@^5.0.0
64 silly packumentCache full:https://registry.npmjs.org/sugarss cache-miss
65 http fetch GET 200 https://registry.npmjs.org/sugarss 198ms (cache miss)
66 silly packumentCache full:https://registry.npmjs.org/sugarss set size:undefined disposed:false
67 silly fetch manifest postcss@^8.3.3
68 silly packumentCache full:https://registry.npmjs.org/postcss cache-miss
69 http fetch GET 200 https://registry.npmjs.org/postcss 289ms (cache miss)
70 silly packumentCache full:https://registry.npmjs.org/postcss set size:undefined disposed:false
71 silly fetch manifest terser@^5.16.0
72 silly packumentCache full:https://registry.npmjs.org/terser cache-miss
73 http fetch GET 200 https://registry.npmjs.org/terser 401ms (cache miss)
74 silly packumentCache full:https://registry.npmjs.org/terser set size:undefined disposed:false
75 silly fetch manifest tsx@^4.8.1
76 silly packumentCache full:https://registry.npmjs.org/tsx cache-miss
77 http fetch GET 200 https://registry.npmjs.org/tsx 419ms (cache miss)
78 silly packumentCache full:https://registry.npmjs.org/tsx set size:undefined disposed:false
79 silly fetch manifest yaml@^2.4.2
80 silly packumentCache full:https://registry.npmjs.org/yaml cache-miss
81 http fetch GET 200 https://registry.npmjs.org/yaml 283ms (cache miss)
82 silly packumentCache full:https://registry.npmjs.org/yaml set size:undefined disposed:false
83 silly placeDep ROOT @vitejs/plugin-react@5.2.0 OK for: arus-finance-dashboard@1.0.0 want: ^5.0.4
84 silly placeDep ROOT vite@7.3.6 OK for: @vitejs/plugin-react@5.2.0 want: ^4.2.0 || ^5.0.0 || ^6.0.0 || ^7.0.0 || ^8.0.0
85 silly placeDep ROOT lucide-react@0.468.0 OK for: arus-finance-dashboard@1.0.0 want: ^0.468.0
86 silly placeDep ROOT react@19.3.0 OK for: lucide-react@0.468.0 want: ^16.5.1 || ^17.0.0 || ^18.0.0 || ^19.0.0-rc
87 silly placeDep ROOT react-dom@19.3.0 OK for: arus-finance-dashboard@1.0.0 want: ^19.1.1
88 silly fetch manifest @babel/core@^7.29.0
89 silly packumentCache full:https://registry.npmjs.org/@babel%2fcore cache-miss
90 silly fetch manifest react-refresh@^0.18.0
91 silly packumentCache full:https://registry.npmjs.org/react-refresh cache-miss
92 silly fetch manifest @types/babel__core@^7.20.5
93 silly packumentCache full:https://registry.npmjs.org/@types%2fbabel__core cache-miss
94 silly fetch manifest @rolldown/pluginutils@1.0.0-rc.3
95 silly packumentCache full:https://registry.npmjs.org/@rolldown%2fpluginutils cache-miss
96 silly fetch manifest @babel/plugin-transform-react-jsx-self@^7.27.1
97 silly packumentCache full:https://registry.npmjs.org/@babel%2fplugin-transform-react-jsx-self cache-miss
98 silly fetch manifest @babel/plugin-transform-react-jsx-source@^7.27.1
99 silly packumentCache full:https://registry.npmjs.org/@babel%2fplugin-transform-react-jsx-source cache-miss
100 silly fetch manifest fdir@^6.5.0
101 silly packumentCache full:https://registry.npmjs.org/fdir cache-miss
102 http fetch GET 200 https://registry.npmjs.org/react-refresh 4101ms (cache miss)
103 silly packumentCache full:https://registry.npmjs.org/react-refresh set size:undefined disposed:false
104 silly fetch manifest rollup@^4.43.0
105 silly packumentCache full:https://registry.npmjs.org/rollup cache-miss
106 http fetch GET 200 https://registry.npmjs.org/@babel%2fcore 4201ms (cache miss)
107 silly packumentCache full:https://registry.npmjs.org/@babel%2fcore set size:undefined disposed:false
108 silly fetch manifest esbuild@^0.27.0 || ^0.28.0
109 silly packumentCache full:https://registry.npmjs.org/esbuild cache-miss
110 http fetch GET 200 https://registry.npmjs.org/@rolldown%2fpluginutils 5536ms (cache miss)
111 silly packumentCache full:https://registry.npmjs.org/@rolldown%2fpluginutils set size:undefined disposed:false
112 silly fetch manifest postcss@^8.5.6
113 silly packumentCache full:https://registry.npmjs.org/postcss cache-miss
114 http cache https://registry.npmjs.org/postcss 5ms (cache hit)
115 silly packumentCache full:https://registry.npmjs.org/postcss set size:766699 disposed:false
116 silly fetch manifest picomatch@^4.0.3
117 silly packumentCache full:https://registry.npmjs.org/picomatch cache-miss
118 http fetch GET 200 https://registry.npmjs.org/picomatch 133ms (cache miss)
119 silly packumentCache full:https://registry.npmjs.org/picomatch set size:undefined disposed:false
120 silly fetch manifest tinyglobby@^0.2.15
121 silly packumentCache full:https://registry.npmjs.org/tinyglobby cache-miss
122 http fetch GET 200 https://registry.npmjs.org/fdir 7071ms (cache miss)
123 silly packumentCache full:https://registry.npmjs.org/fdir set size:undefined disposed:false
124 silly fetch manifest fsevents@~2.3.3
125 silly packumentCache full:https://registry.npmjs.org/fsevents cache-miss
126 http fetch GET 200 https://registry.npmjs.org/fsevents 237ms (cache miss)
127 silly packumentCache full:https://registry.npmjs.org/fsevents set size:undefined disposed:false
128 silly fetch manifest scheduler@^0.28.0
129 silly packumentCache full:https://registry.npmjs.org/scheduler cache-miss
130 http fetch GET 200 https://registry.npmjs.org/rollup 3246ms (cache miss)
131 silly packumentCache full:https://registry.npmjs.org/rollup set size:undefined disposed:false
132 http fetch GET 200 https://registry.npmjs.org/esbuild 4316ms (cache miss)
133 silly packumentCache full:https://registry.npmjs.org/esbuild set size:undefined disposed:false
134 http fetch GET 200 https://registry.npmjs.org/scheduler 2340ms (cache miss)
135 silly packumentCache full:https://registry.npmjs.org/scheduler set size:undefined disposed:false
136 http fetch GET 200 https://registry.npmjs.org/@babel%2fplugin-transform-react-jsx-self 15715ms (cache miss)
137 silly packumentCache full:https://registry.npmjs.org/@babel%2fplugin-transform-react-jsx-self set size:undefined disposed:false
138 http fetch GET 200 https://registry.npmjs.org/@types%2fbabel__core 17489ms (cache miss)
139 silly packumentCache full:https://registry.npmjs.org/@types%2fbabel__core set size:undefined disposed:false
140 http fetch GET 200 https://registry.npmjs.org/tinyglobby 12804ms (cache miss)
141 silly packumentCache full:https://registry.npmjs.org/tinyglobby set size:undefined disposed:false
142 http fetch GET 200 https://registry.npmjs.org/@babel%2fplugin-transform-react-jsx-source 55518ms (cache miss)
143 silly packumentCache full:https://registry.npmjs.org/@babel%2fplugin-transform-react-jsx-source set size:undefined disposed:false
144 silly placeDep ROOT @babel/core@7.29.7 OK for: @vitejs/plugin-react@5.2.0 want: ^7.29.0
145 silly placeDep ROOT @babel/plugin-transform-react-jsx-self@7.29.7 OK for: @vitejs/plugin-react@5.2.0 want: ^7.27.1
146 silly placeDep ROOT @babel/plugin-transform-react-jsx-source@7.29.7 OK for: @vitejs/plugin-react@5.2.0 want: ^7.27.1
147 silly placeDep ROOT @rolldown/pluginutils@1.0.0-rc.3 OK for: @vitejs/plugin-react@5.2.0 want: 1.0.0-rc.3
148 silly placeDep ROOT @types/babel__core@7.20.5 OK for: @vitejs/plugin-react@5.2.0 want: ^7.20.5
149 silly placeDep ROOT react-refresh@0.18.0 OK for: @vitejs/plugin-react@5.2.0 want: ^0.18.0
150 silly fetch manifest debug@^4.1.0
151 silly packumentCache full:https://registry.npmjs.org/debug cache-miss
152 silly fetch manifest json5@^2.2.3
153 silly packumentCache full:https://registry.npmjs.org/json5 cache-miss
154 silly fetch manifest semver@^6.3.1
155 silly packumentCache full:https://registry.npmjs.org/semver cache-miss
156 silly fetch manifest gensync@^1.0.0-beta.2
157 silly packumentCache full:https://registry.npmjs.org/gensync cache-miss
158 silly fetch manifest @babel/types@^7.29.7
159 silly packumentCache full:https://registry.npmjs.org/@babel%2ftypes cache-miss
160 silly fetch manifest @babel/parser@^7.29.7
161 silly packumentCache full:https://registry.npmjs.org/@babel%2fparser cache-miss
162 silly fetch manifest @babel/helpers@^7.29.7
163 silly packumentCache full:https://registry.npmjs.org/@babel%2fhelpers cache-miss
164 http fetch GET 200 https://registry.npmjs.org/json5 172ms (cache miss)
165 silly packumentCache full:https://registry.npmjs.org/json5 set size:undefined disposed:false
166 silly fetch manifest @babel/template@^7.29.7
167 silly packumentCache full:https://registry.npmjs.org/@babel%2ftemplate cache-miss
168 http fetch GET 200 https://registry.npmjs.org/gensync 212ms (cache miss)
169 silly packumentCache full:https://registry.npmjs.org/gensync set size:undefined disposed:false
170 silly fetch manifest @babel/traverse@^7.29.7
171 silly packumentCache full:https://registry.npmjs.org/@babel%2ftraverse cache-miss
172 http fetch GET 200 https://registry.npmjs.org/debug 514ms (cache miss)
173 silly packumentCache full:https://registry.npmjs.org/debug set size:undefined disposed:false
174 silly fetch manifest @babel/generator@^7.29.7
175 silly packumentCache full:https://registry.npmjs.org/@babel%2fgenerator cache-miss
176 http fetch GET 200 https://registry.npmjs.org/@babel%2ftypes 831ms (cache miss)
177 silly packumentCache full:https://registry.npmjs.org/@babel%2ftypes set size:undefined disposed:false
178 silly fetch manifest @babel/code-frame@^7.29.7
179 silly packumentCache full:https://registry.npmjs.org/@babel%2fcode-frame cache-miss
180 http fetch GET 200 https://registry.npmjs.org/@babel%2fparser 880ms (cache miss)
181 silly packumentCache full:https://registry.npmjs.org/@babel%2fparser set size:undefined disposed:false
182 silly fetch manifest convert-source-map@^2.0.0
183 silly packumentCache full:https://registry.npmjs.org/convert-source-map cache-miss
184 http fetch GET 200 https://registry.npmjs.org/@babel%2ftraverse 836ms (cache miss)
185 silly packumentCache full:https://registry.npmjs.org/@babel%2ftraverse set size:undefined disposed:false
186 silly fetch manifest @jridgewell/remapping@^2.3.5
187 silly packumentCache full:https://registry.npmjs.org/@jridgewell%2fremapping cache-miss
188 http fetch GET 200 https://registry.npmjs.org/@babel%2fcode-frame 265ms (cache miss)
189 silly packumentCache full:https://registry.npmjs.org/@babel%2fcode-frame set size:undefined disposed:false
190 silly fetch manifest @babel/helper-module-transforms@^7.29.7
191 silly packumentCache full:https://registry.npmjs.org/@babel%2fhelper-module-transforms cache-miss
192 http fetch GET 200 https://registry.npmjs.org/@jridgewell%2fremapping 157ms (cache miss)
193 silly packumentCache full:https://registry.npmjs.org/@jridgewell%2fremapping set size:undefined disposed:false
194 silly fetch manifest @babel/helper-compilation-targets@^7.29.7
195 silly packumentCache full:https://registry.npmjs.org/@babel%2fhelper-compilation-targets cache-miss
196 http fetch GET 200 https://registry.npmjs.org/convert-source-map 431ms (cache miss)
197 silly packumentCache full:https://registry.npmjs.org/convert-source-map set size:undefined disposed:false
198 silly fetch manifest @babel/helper-plugin-utils@^7.29.7
199 silly packumentCache full:https://registry.npmjs.org/@babel%2fhelper-plugin-utils cache-miss
200 http fetch GET 200 https://registry.npmjs.org/@babel%2fhelper-compilation-targets 132ms (cache miss)
201 silly packumentCache full:https://registry.npmjs.org/@babel%2fhelper-compilation-targets set size:undefined disposed:false
202 silly fetch manifest @babel/helper-plugin-utils@^7.29.7
203 silly packumentCache full:https://registry.npmjs.org/@babel%2fhelper-plugin-utils cache-miss
204 http fetch GET 200 https://registry.npmjs.org/@babel%2ftemplate 1279ms (cache miss)
205 silly packumentCache full:https://registry.npmjs.org/@babel%2ftemplate set size:undefined disposed:false
206 silly fetch manifest @babel/types@^7.20.7
207 silly packumentCache full:https://registry.npmjs.org/@babel%2ftypes cache-miss
208 http cache https://registry.npmjs.org/@babel%2ftypes 8ms (cache hit)
209 silly packumentCache full:https://registry.npmjs.org/@babel%2ftypes set size:507562 disposed:false
210 silly fetch manifest @babel/parser@^7.20.7
211 silly packumentCache full:https://registry.npmjs.org/@babel%2fparser cache-miss
212 http cache https://registry.npmjs.org/@babel%2fparser 2ms (cache hit)
213 silly packumentCache full:https://registry.npmjs.org/@babel%2fparser set size:745724 disposed:false
214 silly fetch manifest @types/babel__template@*
215 silly packumentCache full:https://registry.npmjs.org/@types%2fbabel__template cache-miss
216 http fetch GET 200 https://registry.npmjs.org/semver 1500ms (cache miss)
217 silly packumentCache full:https://registry.npmjs.org/semver set size:undefined disposed:false
218 silly fetch manifest @types/babel__traverse@*
219 silly packumentCache full:https://registry.npmjs.org/@types%2fbabel__traverse cache-miss
220 http fetch GET 200 https://registry.npmjs.org/@babel%2fhelper-plugin-utils 189ms (cache miss)
221 silly packumentCache full:https://registry.npmjs.org/@babel%2fhelper-plugin-utils set size:undefined disposed:false
222 silly fetch manifest @types/babel__generator@*
223 silly packumentCache full:https://registry.npmjs.org/@types%2fbabel__generator cache-miss
224 http fetch GET 200 https://registry.npmjs.org/@types%2fbabel__traverse 224ms (cache miss)
225 silly packumentCache full:https://registry.npmjs.org/@types%2fbabel__traverse set size:undefined disposed:false
226 http fetch GET 200 https://registry.npmjs.org/@types%2fbabel__generator 190ms (cache miss)
227 silly packumentCache full:https://registry.npmjs.org/@types%2fbabel__generator set size:undefined disposed:false
228 http fetch GET 200 https://registry.npmjs.org/@babel%2fhelper-plugin-utils 481ms (cache miss)
229 silly packumentCache full:https://registry.npmjs.org/@babel%2fhelper-plugin-utils set size:undefined disposed:false
230 http fetch GET 200 https://registry.npmjs.org/@types%2fbabel__template 329ms (cache miss)
231 silly packumentCache full:https://registry.npmjs.org/@types%2fbabel__template set size:undefined disposed:false
232 http fetch GET 200 https://registry.npmjs.org/@babel%2fgenerator 1480ms (cache miss)
233 silly packumentCache full:https://registry.npmjs.org/@babel%2fgenerator set size:undefined disposed:false
234 http fetch GET 200 https://registry.npmjs.org/@babel%2fhelper-module-transforms 1253ms (cache miss)
235 silly packumentCache full:https://registry.npmjs.org/@babel%2fhelper-module-transforms set size:undefined disposed:false
236 http fetch GET 200 https://registry.npmjs.org/@babel%2fhelpers 3152ms (cache miss)
237 silly packumentCache full:https://registry.npmjs.org/@babel%2fhelpers set size:undefined disposed:false
238 silly fetch manifest @babel/core@^7.0.0
239 silly packumentCache full:https://registry.npmjs.org/@babel%2fcore cache-miss
240 http cache https://registry.npmjs.org/@babel%2fcore 6ms (cache hit)
241 silly packumentCache full:https://registry.npmjs.org/@babel%2fcore set size:797193 disposed:false
242 silly placeDep ROOT @babel/code-frame@7.29.7 OK for: @babel/core@7.29.7 want: ^7.29.7
243 silly placeDep ROOT @babel/generator@7.29.8 OK for: @babel/core@7.29.7 want: ^7.29.7
244 silly placeDep ROOT @babel/helper-compilation-targets@7.29.7 OK for: @babel/core@7.29.7 want: ^7.29.7
245 silly placeDep ROOT @babel/helper-module-transforms@7.29.7 OK for: @babel/core@7.29.7 want: ^7.29.7
246 silly placeDep ROOT @babel/helpers@7.29.7 OK for: @babel/core@7.29.7 want: ^7.29.7
247 silly placeDep ROOT @babel/parser@7.29.9 OK for: @babel/core@7.29.7 want: ^7.29.7
248 silly placeDep ROOT @babel/template@7.29.7 OK for: @babel/core@7.29.7 want: ^7.29.7
249 silly placeDep ROOT @babel/traverse@7.29.8 OK for: @babel/core@7.29.7 want: ^7.29.7
250 silly placeDep ROOT @babel/types@7.29.8 OK for: @babel/core@7.29.7 want: ^7.29.7
251 silly placeDep ROOT @jridgewell/remapping@2.3.5 OK for: @babel/core@7.29.7 want: ^2.3.5
252 silly placeDep ROOT convert-source-map@2.0.0 OK for: @babel/core@7.29.7 want: ^2.0.0
253 silly placeDep ROOT debug@4.4.3 OK for: @babel/core@7.29.7 want: ^4.1.0
254 silly placeDep ROOT gensync@1.0.0-beta.2 OK for: @babel/core@7.29.7 want: ^1.0.0-beta.2
255 silly placeDep ROOT json5@2.2.3 OK for: @babel/core@7.29.7 want: ^2.2.3
256 silly placeDep ROOT semver@6.3.1 OK for: @babel/core@7.29.7 want: ^6.3.1
257 silly fetch manifest js-tokens@^4.0.0
258 silly packumentCache full:https://registry.npmjs.org/js-tokens cache-miss
259 silly fetch manifest picocolors@^1.1.1
260 silly packumentCache full:https://registry.npmjs.org/picocolors cache-miss
261 silly fetch manifest @babel/helper-validator-identifier@^7.29.7
262 silly packumentCache full:https://registry.npmjs.org/@babel%2fhelper-validator-identifier cache-miss
263 silly fetch manifest jsesc@^3.0.2
264 silly packumentCache full:https://registry.npmjs.org/jsesc cache-miss
265 silly fetch manifest @babel/types@^7.29.8
266 silly packumentCache full:https://registry.npmjs.org/@babel%2ftypes cache-hit
267 silly fetch manifest @babel/parser@^7.29.8
268 silly packumentCache full:https://registry.npmjs.org/@babel%2fparser cache-hit
269 silly fetch manifest @jridgewell/gen-mapping@^0.3.12
270 silly packumentCache full:https://registry.npmjs.org/@jridgewell%2fgen-mapping cache-miss
271 silly fetch manifest @jridgewell/trace-mapping@^0.3.28
272 silly packumentCache full:https://registry.npmjs.org/@jridgewell%2ftrace-mapping cache-miss
273 silly fetch manifest lru-cache@^5.1.1
274 silly packumentCache full:https://registry.npmjs.org/lru-cache cache-miss
275 http fetch GET 200 https://registry.npmjs.org/picocolors 148ms (cache miss)
276 silly packumentCache full:https://registry.npmjs.org/picocolors set size:undefined disposed:false
277 silly fetch manifest browserslist@^4.24.0
278 silly packumentCache full:https://registry.npmjs.org/browserslist cache-miss
279 http fetch GET 200 https://registry.npmjs.org/js-tokens 150ms (cache miss)
280 silly packumentCache full:https://registry.npmjs.org/js-tokens set size:undefined disposed:false
281 silly fetch manifest @babel/compat-data@^7.29.7
282 silly packumentCache full:https://registry.npmjs.org/@babel%2fcompat-data cache-miss
283 http fetch GET 200 https://registry.npmjs.org/@babel%2fhelper-validator-identifier 163ms (cache miss)
284 silly packumentCache full:https://registry.npmjs.org/@babel%2fhelper-validator-identifier set size:undefined disposed:false
285 silly fetch manifest @babel/helper-validator-option@^7.29.7
286 silly packumentCache full:https://registry.npmjs.org/@babel%2fhelper-validator-option cache-miss
287 http fetch GET 200 https://registry.npmjs.org/jsesc 164ms (cache miss)
288 silly packumentCache full:https://registry.npmjs.org/jsesc set size:undefined disposed:false
289 silly fetch manifest @babel/helper-module-imports@^7.29.7
290 silly packumentCache full:https://registry.npmjs.org/@babel%2fhelper-module-imports cache-miss
291 http fetch GET 200 https://registry.npmjs.org/@jridgewell%2ftrace-mapping 269ms (cache miss)
292 silly packumentCache full:https://registry.npmjs.org/@jridgewell%2ftrace-mapping set size:undefined disposed:false
293 silly fetch manifest debug@^4.3.1
294 silly packumentCache full:https://registry.npmjs.org/debug cache-miss
295 http fetch GET 200 https://registry.npmjs.org/lru-cache 270ms (cache miss)
296 silly packumentCache full:https://registry.npmjs.org/lru-cache set size:undefined disposed:false
297 silly fetch manifest @babel/helper-globals@^7.29.7
298 silly packumentCache full:https://registry.npmjs.org/@babel%2fhelper-globals cache-miss
299 http cache https://registry.npmjs.org/debug 9ms (cache hit)
300 silly packumentCache full:https://registry.npmjs.org/debug set size:195840 disposed:false
301 silly fetch manifest @babel/helper-string-parser@^7.29.7
302 silly packumentCache full:https://registry.npmjs.org/@babel%2fhelper-string-parser cache-miss
303 http fetch GET 200 https://registry.npmjs.org/@babel%2fhelper-globals 201ms (cache miss)
304 silly packumentCache full:https://registry.npmjs.org/@babel%2fhelper-globals set size:undefined disposed:false
305 silly fetch manifest @jridgewell/gen-mapping@^0.3.5
306 silly packumentCache full:https://registry.npmjs.org/@jridgewell%2fgen-mapping cache-miss
307 http fetch GET 200 https://registry.npmjs.org/@babel%2fhelper-string-parser 197ms (cache miss)
308 silly packumentCache full:https://registry.npmjs.org/@babel%2fhelper-string-parser set size:undefined disposed:false
309 silly fetch manifest @jridgewell/trace-mapping@^0.3.24
310 silly packumentCache full:https://registry.npmjs.org/@jridgewell%2ftrace-mapping cache-miss
311 http cache https://registry.npmjs.org/@jridgewell%2ftrace-mapping 1ms (cache hit)
312 silly packumentCache full:https://registry.npmjs.org/@jridgewell%2ftrace-mapping set size:170909 disposed:false
313 silly fetch manifest ms@^2.1.3
314 silly packumentCache full:https://registry.npmjs.org/ms cache-miss
315 http fetch GET 200 https://registry.npmjs.org/@jridgewell%2fgen-mapping 651ms (cache miss)
316 silly packumentCache full:https://registry.npmjs.org/@jridgewell%2fgen-mapping set size:undefined disposed:false
317 http fetch GET 200 https://registry.npmjs.org/@babel%2fhelper-validator-option 491ms (cache miss)
318 silly packumentCache full:https://registry.npmjs.org/@babel%2fhelper-validator-option set size:undefined disposed:false
319 http fetch GET 200 https://registry.npmjs.org/@jridgewell%2fgen-mapping 187ms (cache miss)
320 silly packumentCache full:https://registry.npmjs.org/@jridgewell%2fgen-mapping set size:undefined disposed:false
321 http fetch GET 200 https://registry.npmjs.org/ms 285ms (cache miss)
322 silly packumentCache full:https://registry.npmjs.org/ms set size:undefined disposed:false
323 http fetch GET 200 https://registry.npmjs.org/@babel%2fcompat-data 625ms (cache miss)
324 silly packumentCache full:https://registry.npmjs.org/@babel%2fcompat-data set size:undefined disposed:false
325 http fetch GET 200 https://registry.npmjs.org/@babel%2fhelper-module-imports 905ms (cache miss)
326 silly packumentCache full:https://registry.npmjs.org/@babel%2fhelper-module-imports set size:undefined disposed:false
327 http fetch GET 200 https://registry.npmjs.org/browserslist 1395ms (cache miss)
328 silly packumentCache full:https://registry.npmjs.org/browserslist set size:undefined disposed:false
329 silly placeDep ROOT @babel/helper-validator-identifier@7.29.7 OK for: @babel/code-frame@7.29.7 want: ^7.29.7
330 silly placeDep ROOT js-tokens@4.0.0 OK for: @babel/code-frame@7.29.7 want: ^4.0.0
331 silly placeDep ROOT picocolors@1.1.1 OK for: @babel/code-frame@7.29.7 want: ^1.1.1
332 silly placeDep ROOT @jridgewell/gen-mapping@0.3.13 OK for: @babel/generator@7.29.8 want: ^0.3.12
333 silly placeDep ROOT @jridgewell/trace-mapping@0.3.31 OK for: @babel/generator@7.29.8 want: ^0.3.28
334 silly placeDep ROOT jsesc@3.1.0 OK for: @babel/generator@7.29.8 want: ^3.0.2
335 silly fetch manifest @jridgewell/sourcemap-codec@^1.5.0
336 silly packumentCache full:https://registry.npmjs.org/@jridgewell%2fsourcemap-codec cache-miss
337 silly fetch manifest @jridgewell/resolve-uri@^3.1.0
338 silly packumentCache full:https://registry.npmjs.org/@jridgewell%2fresolve-uri cache-miss
339 silly fetch manifest @jridgewell/sourcemap-codec@^1.4.14
340 silly packumentCache full:https://registry.npmjs.org/@jridgewell%2fsourcemap-codec cache-miss
341 http fetch GET 200 https://registry.npmjs.org/@jridgewell%2fresolve-uri 147ms (cache miss)
342 silly packumentCache full:https://registry.npmjs.org/@jridgewell%2fresolve-uri set size:undefined disposed:false
343 http fetch GET 200 https://registry.npmjs.org/@jridgewell%2fsourcemap-codec 149ms (cache miss)
344 silly packumentCache full:https://registry.npmjs.org/@jridgewell%2fsourcemap-codec set size:undefined disposed:false
345 http fetch GET 200 https://registry.npmjs.org/@jridgewell%2fsourcemap-codec 155ms (cache miss)
346 silly packumentCache full:https://registry.npmjs.org/@jridgewell%2fsourcemap-codec set size:undefined disposed:false
347 silly placeDep ROOT @babel/compat-data@7.29.7 OK for: @babel/helper-compilation-targets@7.29.7 want: ^7.29.7
348 silly placeDep ROOT @babel/helper-validator-option@7.29.7 OK for: @babel/helper-compilation-targets@7.29.7 want: ^7.29.7
349 silly placeDep ROOT browserslist@4.29.3 OK for: @babel/helper-compilation-targets@7.29.7 want: ^4.24.0
350 silly placeDep ROOT lru-cache@5.1.1 OK for: @babel/helper-compilation-targets@7.29.7 want: ^5.1.1
351 silly fetch manifest caniuse-lite@^1.0.30001813
352 silly packumentCache full:https://registry.npmjs.org/caniuse-lite cache-miss
353 silly fetch manifest node-releases@^2.0.57
354 silly packumentCache full:https://registry.npmjs.org/node-releases cache-miss
355 silly fetch manifest electron-to-chromium@^1.5.439
356 silly packumentCache full:https://registry.npmjs.org/electron-to-chromium cache-miss
357 silly fetch manifest update-browserslist-db@^1.3.3
358 silly packumentCache full:https://registry.npmjs.org/update-browserslist-db cache-miss
359 silly fetch manifest baseline-browser-mapping@^2.11.26
360 silly packumentCache full:https://registry.npmjs.org/baseline-browser-mapping cache-miss
361 silly fetch manifest yallist@^3.0.2
362 silly packumentCache full:https://registry.npmjs.org/yallist cache-miss
363 http fetch GET 200 https://registry.npmjs.org/yallist 324ms (cache miss)
364 silly packumentCache full:https://registry.npmjs.org/yallist set size:undefined disposed:false
365 http fetch GET 200 https://registry.npmjs.org/baseline-browser-mapping 332ms (cache miss)
366 silly packumentCache full:https://registry.npmjs.org/baseline-browser-mapping set size:undefined disposed:false
367 http fetch GET 200 https://registry.npmjs.org/update-browserslist-db 384ms (cache miss)
368 silly packumentCache full:https://registry.npmjs.org/update-browserslist-db set size:undefined disposed:false
369 http fetch GET 200 https://registry.npmjs.org/node-releases 444ms (cache miss)
370 silly packumentCache full:https://registry.npmjs.org/node-releases set size:undefined disposed:false
371 http fetch GET 200 https://registry.npmjs.org/caniuse-lite 1034ms (cache miss)
372 silly packumentCache full:https://registry.npmjs.org/caniuse-lite set size:undefined disposed:false
373 http fetch GET 200 https://registry.npmjs.org/electron-to-chromium 7172ms (cache miss)
374 silly packumentCache full:https://registry.npmjs.org/electron-to-chromium set size:undefined disposed:false
375 silly placeDep ROOT @babel/helper-module-imports@7.29.7 OK for: @babel/helper-module-transforms@7.29.7 want: ^7.29.7
376 silly placeDep ROOT @babel/helper-plugin-utils@7.29.7 OK for: @babel/plugin-transform-react-jsx-self@7.29.7 want: ^7.29.7
377 silly placeDep ROOT @babel/helper-globals@7.29.7 OK for: @babel/traverse@7.29.8 want: ^7.29.7
378 silly placeDep ROOT @babel/helper-string-parser@7.29.7 OK for: @babel/types@7.29.8 want: ^7.29.7
379 silly placeDep ROOT @jridgewell/sourcemap-codec@1.6.0 OK for: @jridgewell/gen-mapping@0.3.13 want: ^1.5.0
380 silly placeDep ROOT @jridgewell/resolve-uri@3.1.2 OK for: @jridgewell/trace-mapping@0.3.31 want: ^3.1.0
381 silly placeDep ROOT @types/babel__generator@7.27.0 OK for: @types/babel__core@7.20.5 want: *
382 silly placeDep ROOT @types/babel__template@7.4.4 OK for: @types/babel__core@7.20.5 want: *
383 silly placeDep ROOT @types/babel__traverse@7.28.0 OK for: @types/babel__core@7.20.5 want: *
384 silly fetch manifest browserslist@>= 4.21.0
385 silly packumentCache full:https://registry.npmjs.org/browserslist cache-miss
386 http cache https://registry.npmjs.org/browserslist 5ms (cache hit)
387 silly packumentCache full:https://registry.npmjs.org/browserslist set size:530436 disposed:false
388 silly placeDep ROOT baseline-browser-mapping@2.11.27 OK for: browserslist@4.29.3 want: ^2.11.26
389 silly placeDep ROOT caniuse-lite@1.0.30001814 OK for: browserslist@4.29.3 want: ^1.0.30001813
390 silly placeDep ROOT electron-to-chromium@1.5.444 OK for: browserslist@4.29.3 want: ^1.5.439
391 silly placeDep ROOT node-releases@2.0.57 OK for: browserslist@4.29.3 want: ^2.0.57
392 silly placeDep ROOT update-browserslist-db@1.3.3 OK for: browserslist@4.29.3 want: ^1.3.3
393 silly fetch manifest escalade@^3.2.0
394 silly packumentCache full:https://registry.npmjs.org/escalade cache-miss
395 http fetch GET 200 https://registry.npmjs.org/escalade 249ms (cache miss)
396 silly packumentCache full:https://registry.npmjs.org/escalade set size:undefined disposed:false
397 silly placeDep ROOT ms@2.1.3 OK for: debug@4.4.3 want: ^2.1.3
398 silly placeDep ROOT yallist@3.1.1 OK for: lru-cache@5.1.1 want: ^3.0.2
399 silly placeDep ROOT scheduler@0.28.0 OK for: react-dom@19.3.0 want: ^0.28.0
400 silly placeDep ROOT escalade@3.2.0 OK for: update-browserslist-db@1.3.3 want: ^3.2.0
401 silly placeDep ROOT esbuild@0.28.2 OK for: vite@7.3.6 want: ^0.27.0 || ^0.28.0
402 silly placeDep ROOT fdir@6.5.0 OK for: vite@7.3.6 want: ^6.5.0
403 silly placeDep ROOT fsevents@2.3.3 OK for: vite@7.3.6 want: ~2.3.3
404 silly placeDep ROOT picomatch@4.0.7 OK for: vite@7.3.6 want: ^4.0.3
405 silly placeDep ROOT postcss@8.5.28 OK for: vite@7.3.6 want: ^8.5.6
406 silly placeDep ROOT rollup@4.64.0 OK for: vite@7.3.6 want: ^4.43.0
407 silly placeDep ROOT tinyglobby@0.2.17 OK for: vite@7.3.6 want: ^0.2.15
408 silly fetch manifest @esbuild/aix-ppc64@0.28.2
409 silly packumentCache full:https://registry.npmjs.org/@esbuild%2faix-ppc64 cache-miss
410 silly fetch manifest @esbuild/linux-arm@0.28.2
411 silly packumentCache full:https://registry.npmjs.org/@esbuild%2flinux-arm cache-miss
412 silly fetch manifest @esbuild/linux-x64@0.28.2
413 silly packumentCache full:https://registry.npmjs.org/@esbuild%2flinux-x64 cache-miss
414 silly fetch manifest @esbuild/sunos-x64@0.28.2
415 silly packumentCache full:https://registry.npmjs.org/@esbuild%2fsunos-x64 cache-miss
416 silly fetch manifest @esbuild/win32-x64@0.28.2
417 silly packumentCache full:https://registry.npmjs.org/@esbuild%2fwin32-x64 cache-miss
418 silly fetch manifest @esbuild/darwin-x64@0.28.2
419 silly packumentCache full:https://registry.npmjs.org/@esbuild%2fdarwin-x64 cache-miss
420 silly fetch manifest @esbuild/linux-ia32@0.28.2
421 silly packumentCache full:https://registry.npmjs.org/@esbuild%2flinux-ia32 cache-miss
422 http fetch GET 200 https://registry.npmjs.org/@esbuild%2faix-ppc64 239ms (cache miss)
423 silly packumentCache full:https://registry.npmjs.org/@esbuild%2faix-ppc64 set size:undefined disposed:false
424 silly fetch manifest @esbuild/netbsd-x64@0.28.2
425 silly packumentCache full:https://registry.npmjs.org/@esbuild%2fnetbsd-x64 cache-miss
426 http fetch GET 200 https://registry.npmjs.org/@esbuild%2fwin32-x64 294ms (cache miss)
427 silly packumentCache full:https://registry.npmjs.org/@esbuild%2fwin32-x64 set size:undefined disposed:false
428 silly fetch manifest @esbuild/win32-ia32@0.28.2
429 silly packumentCache full:https://registry.npmjs.org/@esbuild%2fwin32-ia32 cache-miss
430 http fetch GET 200 https://registry.npmjs.org/@esbuild%2fdarwin-x64 305ms (cache miss)
431 silly packumentCache full:https://registry.npmjs.org/@esbuild%2fdarwin-x64 set size:undefined disposed:false
432 silly fetch manifest @esbuild/android-arm@0.28.2
433 silly packumentCache full:https://registry.npmjs.org/@esbuild%2fandroid-arm cache-miss
434 http fetch GET 200 https://registry.npmjs.org/@esbuild%2fsunos-x64 307ms (cache miss)
435 silly packumentCache full:https://registry.npmjs.org/@esbuild%2fsunos-x64 set size:undefined disposed:false
436 silly fetch manifest @esbuild/android-x64@0.28.2
437 silly packumentCache full:https://registry.npmjs.org/@esbuild%2fandroid-x64 cache-miss
438 http fetch GET 200 https://registry.npmjs.org/@esbuild%2flinux-ia32 424ms (cache miss)
439 silly packumentCache full:https://registry.npmjs.org/@esbuild%2flinux-ia32 set size:undefined disposed:false
440 silly fetch manifest @esbuild/freebsd-x64@0.28.2
441 silly packumentCache full:https://registry.npmjs.org/@esbuild%2ffreebsd-x64 cache-miss
442 http fetch GET 200 https://registry.npmjs.org/@esbuild%2fnetbsd-x64 256ms (cache miss)
443 silly packumentCache full:https://registry.npmjs.org/@esbuild%2fnetbsd-x64 set size:undefined disposed:false
444 silly fetch manifest @esbuild/linux-arm64@0.28.2
445 silly packumentCache full:https://registry.npmjs.org/@esbuild%2flinux-arm64 cache-miss
446 http fetch GET 200 https://registry.npmjs.org/@esbuild%2fwin32-ia32 874ms (cache miss)
447 silly packumentCache full:https://registry.npmjs.org/@esbuild%2fwin32-ia32 set size:undefined disposed:false
448 silly fetch manifest @esbuild/linux-ppc64@0.28.2
449 silly packumentCache full:https://registry.npmjs.org/@esbuild%2flinux-ppc64 cache-miss
450 http fetch GET 200 https://registry.npmjs.org/@esbuild%2fandroid-x64 989ms (cache miss)
451 silly packumentCache full:https://registry.npmjs.org/@esbuild%2fandroid-x64 set size:undefined disposed:false
452 silly fetch manifest @esbuild/linux-s390x@0.28.2
453 silly packumentCache full:https://registry.npmjs.org/@esbuild%2flinux-s390x cache-miss
454 http fetch GET 200 https://registry.npmjs.org/@esbuild%2ffreebsd-x64 1571ms (cache miss)
455 silly packumentCache full:https://registry.npmjs.org/@esbuild%2ffreebsd-x64 set size:undefined disposed:false
456 silly fetch manifest @esbuild/openbsd-x64@0.28.2
457 silly packumentCache full:https://registry.npmjs.org/@esbuild%2fopenbsd-x64 cache-miss
458 http fetch GET 200 https://registry.npmjs.org/@esbuild%2fandroid-arm 1703ms (cache miss)
459 silly packumentCache full:https://registry.npmjs.org/@esbuild%2fandroid-arm set size:undefined disposed:false
460 silly fetch manifest @esbuild/win32-arm64@0.28.2
461 silly packumentCache full:https://registry.npmjs.org/@esbuild%2fwin32-arm64 cache-miss
462 http fetch GET 200 https://registry.npmjs.org/@esbuild%2flinux-x64 2047ms (cache miss)
463 silly packumentCache full:https://registry.npmjs.org/@esbuild%2flinux-x64 set size:undefined disposed:false
464 silly fetch manifest @esbuild/darwin-arm64@0.28.2
465 silly packumentCache full:https://registry.npmjs.org/@esbuild%2fdarwin-arm64 cache-miss
466 http fetch GET 200 https://registry.npmjs.org/@esbuild%2flinux-ppc64 878ms (cache miss)
467 silly packumentCache full:https://registry.npmjs.org/@esbuild%2flinux-ppc64 set size:undefined disposed:false
468 silly fetch manifest @esbuild/netbsd-arm64@0.28.2
469 silly packumentCache full:https://registry.npmjs.org/@esbuild%2fnetbsd-arm64 cache-miss
470 http fetch GET 200 https://registry.npmjs.org/@esbuild%2flinux-arm 2058ms (cache miss)
471 silly packumentCache full:https://registry.npmjs.org/@esbuild%2flinux-arm set size:undefined disposed:false
472 silly fetch manifest @esbuild/android-arm64@0.28.2
473 silly packumentCache full:https://registry.npmjs.org/@esbuild%2fandroid-arm64 cache-miss
474 http fetch GET 200 https://registry.npmjs.org/@esbuild%2flinux-s390x 846ms (cache miss)
475 silly packumentCache full:https://registry.npmjs.org/@esbuild%2flinux-s390x set size:undefined disposed:false
476 silly fetch manifest @esbuild/freebsd-arm64@0.28.2
477 silly packumentCache full:https://registry.npmjs.org/@esbuild%2ffreebsd-arm64 cache-miss
478 http fetch GET 200 https://registry.npmjs.org/@esbuild%2fnetbsd-arm64 101ms (cache miss)
479 silly packumentCache full:https://registry.npmjs.org/@esbuild%2fnetbsd-arm64 set size:undefined disposed:false
480 silly fetch manifest @esbuild/linux-loong64@0.28.2
481 silly packumentCache full:https://registry.npmjs.org/@esbuild%2flinux-loong64 cache-miss
482 http fetch GET 200 https://registry.npmjs.org/@esbuild%2fwin32-arm64 347ms (cache miss)
483 silly packumentCache full:https://registry.npmjs.org/@esbuild%2fwin32-arm64 set size:undefined disposed:false
484 silly fetch manifest @esbuild/linux-riscv64@0.28.2
485 silly packumentCache full:https://registry.npmjs.org/@esbuild%2flinux-riscv64 cache-miss
486 http fetch GET 200 https://registry.npmjs.org/@esbuild%2flinux-loong64 349ms (cache miss)
487 silly packumentCache full:https://registry.npmjs.org/@esbuild%2flinux-loong64 set size:undefined disposed:false
488 silly fetch manifest @esbuild/openbsd-arm64@0.28.2
489 silly packumentCache full:https://registry.npmjs.org/@esbuild%2fopenbsd-arm64 cache-miss
490 http fetch GET 200 https://registry.npmjs.org/@esbuild%2ffreebsd-arm64 362ms (cache miss)
491 silly packumentCache full:https://registry.npmjs.org/@esbuild%2ffreebsd-arm64 set size:undefined disposed:false
492 silly fetch manifest @esbuild/linux-mips64el@0.28.2
493 silly packumentCache full:https://registry.npmjs.org/@esbuild%2flinux-mips64el cache-miss
494 http fetch GET 200 https://registry.npmjs.org/@esbuild%2fopenbsd-arm64 164ms (cache miss)
495 silly packumentCache full:https://registry.npmjs.org/@esbuild%2fopenbsd-arm64 set size:undefined disposed:false
496 silly fetch manifest @esbuild/openharmony-arm64@0.28.2
497 silly packumentCache full:https://registry.npmjs.org/@esbuild%2fopenharmony-arm64 cache-miss
498 http fetch GET 200 https://registry.npmjs.org/@esbuild%2flinux-mips64el 259ms (cache miss)
499 silly packumentCache full:https://registry.npmjs.org/@esbuild%2flinux-mips64el set size:undefined disposed:false
500 silly fetch manifest nanoid@^3.3.18
501 silly packumentCache full:https://registry.npmjs.org/nanoid cache-miss
502 http fetch GET 200 https://registry.npmjs.org/@esbuild%2flinux-riscv64 415ms (cache miss)
503 silly packumentCache full:https://registry.npmjs.org/@esbuild%2flinux-riscv64 set size:undefined disposed:false
504 silly fetch manifest source-map-js@^1.2.1
505 silly packumentCache full:https://registry.npmjs.org/source-map-js cache-miss
506 http fetch GET 200 https://registry.npmjs.org/@esbuild%2fopenharmony-arm64 132ms (cache miss)
507 silly packumentCache full:https://registry.npmjs.org/@esbuild%2fopenharmony-arm64 set size:undefined disposed:false
508 silly fetch manifest @types/estree@1.0.9
509 silly packumentCache full:https://registry.npmjs.org/@types%2festree cache-miss
510 http fetch GET 200 https://registry.npmjs.org/@esbuild%2flinux-arm64 2312ms (cache miss)
511 silly packumentCache full:https://registry.npmjs.org/@esbuild%2flinux-arm64 set size:undefined disposed:false
512 silly fetch manifest @rollup/rollup-darwin-x64@4.64.0
513 silly packumentCache full:https://registry.npmjs.org/@rollup%2frollup-darwin-x64 cache-miss
514 http fetch GET 200 https://registry.npmjs.org/@esbuild%2fandroid-arm64 752ms (cache miss)
515 silly packumentCache full:https://registry.npmjs.org/@esbuild%2fandroid-arm64 set size:undefined disposed:false
516 silly fetch manifest @rollup/rollup-freebsd-x64@4.64.0
517 silly packumentCache full:https://registry.npmjs.org/@rollup%2frollup-freebsd-x64 cache-miss
518 http fetch GET 200 https://registry.npmjs.org/@esbuild%2fopenbsd-x64 875ms (cache miss)
519 silly packumentCache full:https://registry.npmjs.org/@esbuild%2fopenbsd-x64 set size:undefined disposed:false
520 silly fetch manifest @rollup/rollup-openbsd-x64@4.64.0
521 silly packumentCache full:https://registry.npmjs.org/@rollup%2frollup-openbsd-x64 cache-miss
522 http fetch GET 200 https://registry.npmjs.org/@esbuild%2fdarwin-arm64 927ms (cache miss)
523 silly packumentCache full:https://registry.npmjs.org/@esbuild%2fdarwin-arm64 set size:undefined disposed:false
524 silly fetch manifest @napi-rs/lzma-linux-x64-gnu@1.5.1
525 silly packumentCache full:https://registry.npmjs.org/@napi-rs%2flzma-linux-x64-gnu cache-miss
526 http fetch GET 200 https://registry.npmjs.org/@types%2festree 193ms (cache miss)
527 silly packumentCache full:https://registry.npmjs.org/@types%2festree set size:undefined disposed:false
528 silly fetch manifest @rollup/rollup-darwin-arm64@4.64.0
529 silly packumentCache full:https://registry.npmjs.org/@rollup%2frollup-darwin-arm64 cache-miss
530 http fetch GET 200 https://registry.npmjs.org/source-map-js 224ms (cache miss)
531 silly packumentCache full:https://registry.npmjs.org/source-map-js set size:undefined disposed:false
532 silly fetch manifest @rollup/rollup-android-arm64@4.64.0
533 silly packumentCache full:https://registry.npmjs.org/@rollup%2frollup-android-arm64 cache-miss
534 http fetch GET 200 https://registry.npmjs.org/@rollup%2frollup-darwin-x64 396ms (cache miss)
535 silly packumentCache full:https://registry.npmjs.org/@rollup%2frollup-darwin-x64 set size:undefined disposed:false
536 silly fetch manifest @rollup/rollup-freebsd-arm64@4.64.0
537 silly packumentCache full:https://registry.npmjs.org/@rollup%2frollup-freebsd-arm64 cache-miss
538 http fetch GET 200 https://registry.npmjs.org/@rollup%2frollup-openbsd-x64 347ms (cache miss)
539 silly packumentCache full:https://registry.npmjs.org/@rollup%2frollup-openbsd-x64 set size:undefined disposed:false
540 silly fetch manifest @rollup/rollup-linux-x64-gnu@4.64.0
541 silly packumentCache full:https://registry.npmjs.org/@rollup%2frollup-linux-x64-gnu cache-miss
542 http fetch GET 200 https://registry.npmjs.org/nanoid 453ms (cache miss)
543 silly packumentCache full:https://registry.npmjs.org/nanoid set size:undefined disposed:false
544 silly fetch manifest @rollup/rollup-win32-x64-gnu@4.64.0
545 silly packumentCache full:https://registry.npmjs.org/@rollup%2frollup-win32-x64-gnu cache-miss
546 http fetch GET 200 https://registry.npmjs.org/@napi-rs%2flzma-linux-x64-gnu 258ms (cache miss)
547 silly packumentCache full:https://registry.npmjs.org/@napi-rs%2flzma-linux-x64-gnu set size:undefined disposed:false
548 silly fetch manifest @rollup/rollup-linux-x64-musl@4.64.0
549 silly packumentCache full:https://registry.npmjs.org/@rollup%2frollup-linux-x64-musl cache-miss
550 http fetch GET 200 https://registry.npmjs.org/@rollup%2frollup-win32-x64-gnu 150ms (cache miss)
551 silly packumentCache full:https://registry.npmjs.org/@rollup%2frollup-win32-x64-gnu set size:undefined disposed:false
552 silly fetch manifest @rollup/rollup-win32-x64-msvc@4.64.0
553 silly packumentCache full:https://registry.npmjs.org/@rollup%2frollup-win32-x64-msvc cache-miss
554 http fetch GET 200 https://registry.npmjs.org/@rollup%2frollup-freebsd-arm64 213ms (cache miss)
555 silly packumentCache full:https://registry.npmjs.org/@rollup%2frollup-freebsd-arm64 set size:undefined disposed:false
556 silly fetch manifest @rollup/rollup-linux-arm64-gnu@4.64.0
557 silly packumentCache full:https://registry.npmjs.org/@rollup%2frollup-linux-arm64-gnu cache-miss
558 http fetch GET 200 https://registry.npmjs.org/@rollup%2frollup-freebsd-x64 767ms (cache miss)
559 silly packumentCache full:https://registry.npmjs.org/@rollup%2frollup-freebsd-x64 set size:undefined disposed:false
560 silly fetch manifest @rollup/rollup-linux-ppc64-gnu@4.64.0
561 silly packumentCache full:https://registry.npmjs.org/@rollup%2frollup-linux-ppc64-gnu cache-miss
562 http fetch GET 200 https://registry.npmjs.org/@rollup%2frollup-android-arm64 595ms (cache miss)
563 silly packumentCache full:https://registry.npmjs.org/@rollup%2frollup-android-arm64 set size:undefined disposed:false
564 silly fetch manifest @rollup/rollup-linux-s390x-gnu@4.64.0
565 silly packumentCache full:https://registry.npmjs.org/@rollup%2frollup-linux-s390x-gnu cache-miss
566 http fetch GET 200 https://registry.npmjs.org/@rollup%2frollup-linux-x64-gnu 378ms (cache miss)
567 silly packumentCache full:https://registry.npmjs.org/@rollup%2frollup-linux-x64-gnu set size:undefined disposed:false
568 silly fetch manifest @rollup/rollup-win32-ia32-msvc@4.64.0
569 silly packumentCache full:https://registry.npmjs.org/@rollup%2frollup-win32-ia32-msvc cache-miss
570 http fetch GET 200 https://registry.npmjs.org/@rollup%2frollup-win32-x64-msvc 421ms (cache miss)
571 silly packumentCache full:https://registry.npmjs.org/@rollup%2frollup-win32-x64-msvc set size:undefined disposed:false
572 silly fetch manifest @rollup/rollup-android-arm-eabi@4.64.0
573 silly packumentCache full:https://registry.npmjs.org/@rollup%2frollup-android-arm-eabi cache-miss
574 http fetch GET 200 https://registry.npmjs.org/@rollup%2frollup-linux-arm64-gnu 389ms (cache miss)
575 silly packumentCache full:https://registry.npmjs.org/@rollup%2frollup-linux-arm64-gnu set size:undefined disposed:false
576 silly fetch manifest @rollup/rollup-linux-arm64-musl@4.64.0
577 silly packumentCache full:https://registry.npmjs.org/@rollup%2frollup-linux-arm64-musl cache-miss
578 http fetch GET 200 https://registry.npmjs.org/@rollup%2frollup-darwin-arm64 880ms (cache miss)
579 silly packumentCache full:https://registry.npmjs.org/@rollup%2frollup-darwin-arm64 set size:undefined disposed:false
580 silly fetch manifest @rollup/rollup-linux-ppc64-musl@4.64.0
581 silly packumentCache full:https://registry.npmjs.org/@rollup%2frollup-linux-ppc64-musl cache-miss
582 http fetch GET 200 https://registry.npmjs.org/@rollup%2frollup-linux-ppc64-gnu 446ms (cache miss)
583 silly packumentCache full:https://registry.npmjs.org/@rollup%2frollup-linux-ppc64-gnu set size:undefined disposed:false
584 silly fetch manifest @rollup/rollup-win32-arm64-msvc@4.64.0
585 silly packumentCache full:https://registry.npmjs.org/@rollup%2frollup-win32-arm64-msvc cache-miss
586 http fetch GET 200 https://registry.npmjs.org/@rollup%2frollup-linux-s390x-gnu 452ms (cache miss)
587 silly packumentCache full:https://registry.npmjs.org/@rollup%2frollup-linux-s390x-gnu set size:undefined disposed:false
588 silly fetch manifest @rollup/rollup-linux-loong64-gnu@4.64.0
589 silly packumentCache full:https://registry.npmjs.org/@rollup%2frollup-linux-loong64-gnu cache-miss
590 http fetch GET 200 https://registry.npmjs.org/@rollup%2frollup-win32-ia32-msvc 454ms (cache miss)
591 silly packumentCache full:https://registry.npmjs.org/@rollup%2frollup-win32-ia32-msvc set size:undefined disposed:false
592 silly fetch manifest @rollup/rollup-linux-riscv64-gnu@4.64.0
593 silly packumentCache full:https://registry.npmjs.org/@rollup%2frollup-linux-riscv64-gnu cache-miss
594 http fetch GET 200 https://registry.npmjs.org/@rollup%2frollup-linux-ppc64-musl 181ms (cache miss)
595 silly packumentCache full:https://registry.npmjs.org/@rollup%2frollup-linux-ppc64-musl set size:undefined disposed:false
596 silly fetch manifest @rollup/rollup-openharmony-arm64@4.64.0
597 silly packumentCache full:https://registry.npmjs.org/@rollup%2frollup-openharmony-arm64 cache-miss
598 http fetch GET 200 https://registry.npmjs.org/@rollup%2frollup-android-arm-eabi 284ms (cache miss)
599 silly packumentCache full:https://registry.npmjs.org/@rollup%2frollup-android-arm-eabi set size:undefined disposed:false
600 silly fetch manifest @rollup/rollup-linux-loong64-musl@4.64.0
601 silly packumentCache full:https://registry.npmjs.org/@rollup%2frollup-linux-loong64-musl cache-miss
602 http fetch GET 200 https://registry.npmjs.org/@rollup%2frollup-linux-x64-musl 1027ms (cache miss)
603 silly packumentCache full:https://registry.npmjs.org/@rollup%2frollup-linux-x64-musl set size:undefined disposed:false
604 silly fetch manifest @rollup/rollup-linux-riscv64-musl@4.64.0
605 silly packumentCache full:https://registry.npmjs.org/@rollup%2frollup-linux-riscv64-musl cache-miss
606 http fetch GET 200 https://registry.npmjs.org/@rollup%2frollup-linux-arm64-musl 482ms (cache miss)
607 silly packumentCache full:https://registry.npmjs.org/@rollup%2frollup-linux-arm64-musl set size:undefined disposed:false
608 silly fetch manifest @rollup/rollup-linux-arm-gnueabihf@4.64.0
609 silly packumentCache full:https://registry.npmjs.org/@rollup%2frollup-linux-arm-gnueabihf cache-miss
610 http fetch GET 200 https://registry.npmjs.org/@rollup%2frollup-linux-loong64-gnu 260ms (cache miss)
611 silly packumentCache full:https://registry.npmjs.org/@rollup%2frollup-linux-loong64-gnu set size:undefined disposed:false
612 silly fetch manifest @rollup/rollup-linux-arm-musleabihf@4.64.0
613 silly packumentCache full:https://registry.npmjs.org/@rollup%2frollup-linux-arm-musleabihf cache-miss
614 http fetch GET 200 https://registry.npmjs.org/@rollup%2frollup-linux-loong64-musl 228ms (cache miss)
615 silly packumentCache full:https://registry.npmjs.org/@rollup%2frollup-linux-loong64-musl set size:undefined disposed:false
616 http fetch GET 200 https://registry.npmjs.org/@rollup%2frollup-openharmony-arm64 253ms (cache miss)
617 silly packumentCache full:https://registry.npmjs.org/@rollup%2frollup-openharmony-arm64 set size:undefined disposed:false
618 http fetch GET 200 https://registry.npmjs.org/@rollup%2frollup-linux-riscv64-gnu 414ms (cache miss)
619 silly packumentCache full:https://registry.npmjs.org/@rollup%2frollup-linux-riscv64-gnu set size:undefined disposed:false
620 http fetch GET 200 https://registry.npmjs.org/@rollup%2frollup-win32-arm64-msvc 469ms (cache miss)
621 silly packumentCache full:https://registry.npmjs.org/@rollup%2frollup-win32-arm64-msvc set size:undefined disposed:false
622 http fetch GET 200 https://registry.npmjs.org/@rollup%2frollup-linux-arm-musleabihf 280ms (cache miss)
623 silly packumentCache full:https://registry.npmjs.org/@rollup%2frollup-linux-arm-musleabihf set size:undefined disposed:false
624 http fetch GET 200 https://registry.npmjs.org/@rollup%2frollup-linux-arm-gnueabihf 305ms (cache miss)
625 silly packumentCache full:https://registry.npmjs.org/@rollup%2frollup-linux-arm-gnueabihf set size:undefined disposed:false
626 http fetch GET 200 https://registry.npmjs.org/@rollup%2frollup-linux-riscv64-musl 454ms (cache miss)
627 silly packumentCache full:https://registry.npmjs.org/@rollup%2frollup-linux-riscv64-musl set size:undefined disposed:false
628 silly placeDep ROOT @esbuild/aix-ppc64@0.28.2 OK for: esbuild@0.28.2 want: 0.28.2
629 silly placeDep ROOT @esbuild/android-arm@0.28.2 OK for: esbuild@0.28.2 want: 0.28.2
630 silly placeDep ROOT @esbuild/android-arm64@0.28.2 OK for: esbuild@0.28.2 want: 0.28.2
631 silly placeDep ROOT @esbuild/android-x64@0.28.2 OK for: esbuild@0.28.2 want: 0.28.2
632 silly placeDep ROOT @esbuild/darwin-arm64@0.28.2 OK for: esbuild@0.28.2 want: 0.28.2
633 silly placeDep ROOT @esbuild/darwin-x64@0.28.2 OK for: esbuild@0.28.2 want: 0.28.2
634 silly placeDep ROOT @esbuild/freebsd-arm64@0.28.2 OK for: esbuild@0.28.2 want: 0.28.2
635 silly placeDep ROOT @esbuild/freebsd-x64@0.28.2 OK for: esbuild@0.28.2 want: 0.28.2
636 silly placeDep ROOT @esbuild/linux-arm@0.28.2 OK for: esbuild@0.28.2 want: 0.28.2
637 silly placeDep ROOT @esbuild/linux-arm64@0.28.2 OK for: esbuild@0.28.2 want: 0.28.2
638 silly placeDep ROOT @esbuild/linux-ia32@0.28.2 OK for: esbuild@0.28.2 want: 0.28.2
639 silly placeDep ROOT @esbuild/linux-loong64@0.28.2 OK for: esbuild@0.28.2 want: 0.28.2
640 silly placeDep ROOT @esbuild/linux-mips64el@0.28.2 OK for: esbuild@0.28.2 want: 0.28.2
641 silly placeDep ROOT @esbuild/linux-ppc64@0.28.2 OK for: esbuild@0.28.2 want: 0.28.2
642 silly placeDep ROOT @esbuild/linux-riscv64@0.28.2 OK for: esbuild@0.28.2 want: 0.28.2
643 silly placeDep ROOT @esbuild/linux-s390x@0.28.2 OK for: esbuild@0.28.2 want: 0.28.2
644 silly placeDep ROOT @esbuild/linux-x64@0.28.2 OK for: esbuild@0.28.2 want: 0.28.2
645 silly placeDep ROOT @esbuild/netbsd-arm64@0.28.2 OK for: esbuild@0.28.2 want: 0.28.2
646 silly placeDep ROOT @esbuild/netbsd-x64@0.28.2 OK for: esbuild@0.28.2 want: 0.28.2
647 silly placeDep ROOT @esbuild/openbsd-arm64@0.28.2 OK for: esbuild@0.28.2 want: 0.28.2
648 silly placeDep ROOT @esbuild/openbsd-x64@0.28.2 OK for: esbuild@0.28.2 want: 0.28.2
649 silly placeDep ROOT @esbuild/openharmony-arm64@0.28.2 OK for: esbuild@0.28.2 want: 0.28.2
650 silly placeDep ROOT @esbuild/sunos-x64@0.28.2 OK for: esbuild@0.28.2 want: 0.28.2
651 silly placeDep ROOT @esbuild/win32-arm64@0.28.2 OK for: esbuild@0.28.2 want: 0.28.2
652 silly placeDep ROOT @esbuild/win32-ia32@0.28.2 OK for: esbuild@0.28.2 want: 0.28.2
653 silly placeDep ROOT @esbuild/win32-x64@0.28.2 OK for: esbuild@0.28.2 want: 0.28.2
654 silly placeDep ROOT nanoid@3.3.19 OK for: postcss@8.5.28 want: ^3.3.18
655 silly placeDep ROOT source-map-js@1.2.2 OK for: postcss@8.5.28 want: ^1.2.1
656 silly placeDep ROOT @napi-rs/lzma-linux-x64-gnu@1.5.1 OK for: rollup@4.64.0 want: 1.5.1
657 silly placeDep ROOT @rollup/rollup-android-arm-eabi@4.64.0 OK for: rollup@4.64.0 want: 4.64.0
658 silly placeDep ROOT @rollup/rollup-android-arm64@4.64.0 OK for: rollup@4.64.0 want: 4.64.0
659 silly placeDep ROOT @rollup/rollup-darwin-arm64@4.64.0 OK for: rollup@4.64.0 want: 4.64.0
660 silly placeDep ROOT @rollup/rollup-darwin-x64@4.64.0 OK for: rollup@4.64.0 want: 4.64.0
661 silly placeDep ROOT @rollup/rollup-freebsd-arm64@4.64.0 OK for: rollup@4.64.0 want: 4.64.0
662 silly placeDep ROOT @rollup/rollup-freebsd-x64@4.64.0 OK for: rollup@4.64.0 want: 4.64.0
663 silly placeDep ROOT @rollup/rollup-linux-arm-gnueabihf@4.64.0 OK for: rollup@4.64.0 want: 4.64.0
664 silly placeDep ROOT @rollup/rollup-linux-arm-musleabihf@4.64.0 OK for: rollup@4.64.0 want: 4.64.0
665 silly placeDep ROOT @rollup/rollup-linux-arm64-gnu@4.64.0 OK for: rollup@4.64.0 want: 4.64.0
666 silly placeDep ROOT @rollup/rollup-linux-arm64-musl@4.64.0 OK for: rollup@4.64.0 want: 4.64.0
667 silly placeDep ROOT @rollup/rollup-linux-loong64-gnu@4.64.0 OK for: rollup@4.64.0 want: 4.64.0
668 silly placeDep ROOT @rollup/rollup-linux-loong64-musl@4.64.0 OK for: rollup@4.64.0 want: 4.64.0
669 silly placeDep ROOT @rollup/rollup-linux-ppc64-gnu@4.64.0 OK for: rollup@4.64.0 want: 4.64.0
670 silly placeDep ROOT @rollup/rollup-linux-ppc64-musl@4.64.0 OK for: rollup@4.64.0 want: 4.64.0
671 silly placeDep ROOT @rollup/rollup-linux-riscv64-gnu@4.64.0 OK for: rollup@4.64.0 want: 4.64.0
672 silly placeDep ROOT @rollup/rollup-linux-riscv64-musl@4.64.0 OK for: rollup@4.64.0 want: 4.64.0
673 silly placeDep ROOT @rollup/rollup-linux-s390x-gnu@4.64.0 OK for: rollup@4.64.0 want: 4.64.0
674 silly placeDep ROOT @rollup/rollup-linux-x64-gnu@4.64.0 OK for: rollup@4.64.0 want: 4.64.0
675 silly placeDep ROOT @rollup/rollup-linux-x64-musl@4.64.0 OK for: rollup@4.64.0 want: 4.64.0
676 silly placeDep ROOT @rollup/rollup-openbsd-x64@4.64.0 OK for: rollup@4.64.0 want: 4.64.0
677 silly placeDep ROOT @rollup/rollup-openharmony-arm64@4.64.0 OK for: rollup@4.64.0 want: 4.64.0
678 silly placeDep ROOT @rollup/rollup-win32-arm64-msvc@4.64.0 OK for: rollup@4.64.0 want: 4.64.0
679 silly placeDep ROOT @rollup/rollup-win32-ia32-msvc@4.64.0 OK for: rollup@4.64.0 want: 4.64.0
680 silly placeDep ROOT @rollup/rollup-win32-x64-gnu@4.64.0 OK for: rollup@4.64.0 want: 4.64.0
681 silly placeDep ROOT @rollup/rollup-win32-x64-msvc@4.64.0 OK for: rollup@4.64.0 want: 4.64.0
682 silly placeDep ROOT @types/estree@1.0.9 OK for: rollup@4.64.0 want: 1.0.9
683 silly reify moves {}
684 http cache @types/estree@https://registry.npmjs.org/@types/estree/-/estree-1.0.9.tgz 0ms (cache hit)
685 http cache source-map-js@https://registry.npmjs.org/source-map-js/-/source-map-js-1.2.2.tgz 0ms (cache hit)
686 http cache nanoid@https://registry.npmjs.org/nanoid/-/nanoid-3.3.19.tgz 0ms (cache hit)
687 http cache @esbuild/darwin-arm64@https://registry.npmjs.org/@esbuild/darwin-arm64/-/darwin-arm64-0.28.2.tgz 0ms (cache hit)
688 http cache rollup@https://registry.npmjs.org/rollup/-/rollup-4.64.0.tgz 0ms (cache hit)
689 http cache @rollup/rollup-darwin-arm64@https://registry.npmjs.org/@rollup/rollup-darwin-arm64/-/rollup-darwin-arm64-4.64.0.tgz 0ms (cache hit)
690 http cache postcss@https://registry.npmjs.org/postcss/-/postcss-8.5.28.tgz 0ms (cache hit)
691 http cache picomatch@https://registry.npmjs.org/picomatch/-/picomatch-4.0.7.tgz 0ms (cache hit)
692 http cache fsevents@https://registry.npmjs.org/fsevents/-/fsevents-2.3.3.tgz 0ms (cache hit)
693 http cache tinyglobby@https://registry.npmjs.org/tinyglobby/-/tinyglobby-0.2.17.tgz 0ms (cache hit)
694 http cache fdir@https://registry.npmjs.org/fdir/-/fdir-6.5.0.tgz 0ms (cache hit)
695 http cache esbuild@https://registry.npmjs.org/esbuild/-/esbuild-0.28.2.tgz 0ms (cache hit)
696 http cache escalade@https://registry.npmjs.org/escalade/-/escalade-3.2.0.tgz 0ms (cache hit)
697 http cache scheduler@https://registry.npmjs.org/scheduler/-/scheduler-0.28.0.tgz 0ms (cache hit)
698 http cache yallist@https://registry.npmjs.org/yallist/-/yallist-3.1.1.tgz 0ms (cache hit)
699 http cache ms@https://registry.npmjs.org/ms/-/ms-2.1.3.tgz 0ms (cache hit)
700 http cache update-browserslist-db@https://registry.npmjs.org/update-browserslist-db/-/update-browserslist-db-1.3.3.tgz 0ms (cache hit)
701 http cache node-releases@https://registry.npmjs.org/node-releases/-/node-releases-2.0.57.tgz 0ms (cache hit)
702 http cache electron-to-chromium@https://registry.npmjs.org/electron-to-chromium/-/electron-to-chromium-1.5.444.tgz 0ms (cache hit)
703 http cache caniuse-lite@https://registry.npmjs.org/caniuse-lite/-/caniuse-lite-1.0.30001814.tgz 0ms (cache hit)
704 http cache baseline-browser-mapping@https://registry.npmjs.org/baseline-browser-mapping/-/baseline-browser-mapping-2.11.27.tgz 0ms (cache hit)
705 http cache @types/babel__traverse@https://registry.npmjs.org/@types/babel__traverse/-/babel__traverse-7.28.0.tgz 0ms (cache hit)
706 http cache @types/babel__template@https://registry.npmjs.org/@types/babel__template/-/babel__template-7.4.4.tgz 0ms (cache hit)
707 http cache @types/babel__generator@https://registry.npmjs.org/@types/babel__generator/-/babel__generator-7.27.0.tgz 0ms (cache hit)
708 http cache @jridgewell/resolve-uri@https://registry.npmjs.org/@jridgewell/resolve-uri/-/resolve-uri-3.1.2.tgz 0ms (cache hit)
709 http cache @jridgewell/sourcemap-codec@https://registry.npmjs.org/@jridgewell/sourcemap-codec/-/sourcemap-codec-1.6.0.tgz 0ms (cache hit)
710 http cache @babel/helper-string-parser@https://registry.npmjs.org/@babel/helper-string-parser/-/helper-string-parser-7.29.7.tgz 0ms (cache hit)
711 http cache @babel/helper-globals@https://registry.npmjs.org/@babel/helper-globals/-/helper-globals-7.29.7.tgz 0ms (cache hit)
712 http cache lru-cache@https://registry.npmjs.org/lru-cache/-/lru-cache-5.1.1.tgz 0ms (cache hit)
713 http cache @babel/helper-module-imports@https://registry.npmjs.org/@babel/helper-module-imports/-/helper-module-imports-7.29.7.tgz 0ms (cache hit)
714 http cache @babel/helper-validator-option@https://registry.npmjs.org/@babel/helper-validator-option/-/helper-validator-option-7.29.7.tgz 0ms (cache hit)
715 http cache @babel/compat-data@https://registry.npmjs.org/@babel/compat-data/-/compat-data-7.29.7.tgz 0ms (cache hit)
716 http cache browserslist@https://registry.npmjs.org/browserslist/-/browserslist-4.29.3.tgz 0ms (cache hit)
717 http cache jsesc@https://registry.npmjs.org/jsesc/-/jsesc-3.1.0.tgz 0ms (cache hit)
718 http cache @jridgewell/trace-mapping@https://registry.npmjs.org/@jridgewell/trace-mapping/-/trace-mapping-0.3.31.tgz 0ms (cache hit)
719 http cache @jridgewell/gen-mapping@https://registry.npmjs.org/@jridgewell/gen-mapping/-/gen-mapping-0.3.13.tgz 0ms (cache hit)
720 http cache @babel/helper-plugin-utils@https://registry.npmjs.org/@babel/helper-plugin-utils/-/helper-plugin-utils-7.29.7.tgz 0ms (cache hit)
721 http cache picocolors@https://registry.npmjs.org/picocolors/-/picocolors-1.1.1.tgz 0ms (cache hit)
722 http cache js-tokens@https://registry.npmjs.org/js-tokens/-/js-tokens-4.0.0.tgz 0ms (cache hit)
723 http cache @babel/helper-validator-identifier@https://registry.npmjs.org/@babel/helper-validator-identifier/-/helper-validator-identifier-7.29.7.tgz 0ms (cache hit)
724 http cache json5@https://registry.npmjs.org/json5/-/json5-2.2.3.tgz 0ms (cache hit)
725 http cache semver@https://registry.npmjs.org/semver/-/semver-6.3.1.tgz 0ms (cache hit)
726 http cache debug@https://registry.npmjs.org/debug/-/debug-4.4.3.tgz 0ms (cache hit)
727 http cache gensync@https://registry.npmjs.org/gensync/-/gensync-1.0.0-beta.2.tgz 0ms (cache hit)
728 http cache @jridgewell/remapping@https://registry.npmjs.org/@jridgewell/remapping/-/remapping-2.3.5.tgz 0ms (cache hit)
729 http cache @babel/types@https://registry.npmjs.org/@babel/types/-/types-7.29.8.tgz 0ms (cache hit)
730 http cache @babel/traverse@https://registry.npmjs.org/@babel/traverse/-/traverse-7.29.8.tgz 0ms (cache hit)
731 http cache @babel/parser@https://registry.npmjs.org/@babel/parser/-/parser-7.29.9.tgz 0ms (cache hit)
732 http cache convert-source-map@https://registry.npmjs.org/convert-source-map/-/convert-source-map-2.0.0.tgz 0ms (cache hit)
733 http cache @babel/helpers@https://registry.npmjs.org/@babel/helpers/-/helpers-7.29.7.tgz 0ms (cache hit)
734 http cache @babel/helper-module-transforms@https://registry.npmjs.org/@babel/helper-module-transforms/-/helper-module-transforms-7.29.7.tgz 0ms (cache hit)
735 http cache @babel/helper-compilation-targets@https://registry.npmjs.org/@babel/helper-compilation-targets/-/helper-compilation-targets-7.29.7.tgz 0ms (cache hit)
736 http cache @babel/generator@https://registry.npmjs.org/@babel/generator/-/generator-7.29.8.tgz 0ms (cache hit)
737 http cache @babel/code-frame@https://registry.npmjs.org/@babel/code-frame/-/code-frame-7.29.7.tgz 0ms (cache hit)
738 http cache react-refresh@https://registry.npmjs.org/react-refresh/-/react-refresh-0.18.0.tgz 0ms (cache hit)
739 http cache @rolldown/pluginutils@https://registry.npmjs.org/@rolldown/pluginutils/-/pluginutils-1.0.0-rc.3.tgz 0ms (cache hit)
740 http cache @babel/plugin-transform-react-jsx-source@https://registry.npmjs.org/@babel/plugin-transform-react-jsx-source/-/plugin-transform-react-jsx-source-7.29.7.tgz 0ms (cache hit)
741 http cache @babel/plugin-transform-react-jsx-self@https://registry.npmjs.org/@babel/plugin-transform-react-jsx-self/-/plugin-transform-react-jsx-self-7.29.7.tgz 0ms (cache hit)
742 http cache @babel/core@https://registry.npmjs.org/@babel/core/-/core-7.29.7.tgz 0ms (cache hit)
743 http cache react-dom@https://registry.npmjs.org/react-dom/-/react-dom-19.3.0.tgz 0ms (cache hit)
744 http cache react@https://registry.npmjs.org/react/-/react-19.3.0.tgz 0ms (cache hit)
745 http cache @babel/template@https://registry.npmjs.org/@babel/template/-/template-7.29.7.tgz 0ms (cache hit)
746 http cache lucide-react@https://registry.npmjs.org/lucide-react/-/lucide-react-0.468.0.tgz 0ms (cache hit)
747 http cache vite@https://registry.npmjs.org/vite/-/vite-7.3.6.tgz 0ms (cache hit)
748 http cache @vitejs/plugin-react@https://registry.npmjs.org/@vitejs/plugin-react/-/plugin-react-5.2.0.tgz 0ms (cache hit)
749 http cache @types/babel__core@https://registry.npmjs.org/@types/babel__core/-/babel__core-7.20.5.tgz 0ms (cache hit)
750 silly tarball no local data for @types/estree@https://registry.npmjs.org/@types/estree/-/estree-1.0.9.tgz. Extracting by manifest.
751 silly tarball no local data for source-map-js@https://registry.npmjs.org/source-map-js/-/source-map-js-1.2.2.tgz. Extracting by manifest.
752 silly tarball no local data for nanoid@https://registry.npmjs.org/nanoid/-/nanoid-3.3.19.tgz. Extracting by manifest.
753 silly tarball no local data for @esbuild/darwin-arm64@https://registry.npmjs.org/@esbuild/darwin-arm64/-/darwin-arm64-0.28.2.tgz. Extracting by manifest.
754 silly tarball no local data for rollup@https://registry.npmjs.org/rollup/-/rollup-4.64.0.tgz. Extracting by manifest.
755 silly tarball no local data for @rollup/rollup-darwin-arm64@https://registry.npmjs.org/@rollup/rollup-darwin-arm64/-/rollup-darwin-arm64-4.64.0.tgz. Extracting by manifest.
756 silly tarball no local data for postcss@https://registry.npmjs.org/postcss/-/postcss-8.5.28.tgz. Extracting by manifest.
757 silly tarball no local data for picomatch@https://registry.npmjs.org/picomatch/-/picomatch-4.0.7.tgz. Extracting by manifest.
758 silly tarball no local data for fsevents@https://registry.npmjs.org/fsevents/-/fsevents-2.3.3.tgz. Extracting by manifest.
759 silly tarball no local data for tinyglobby@https://registry.npmjs.org/tinyglobby/-/tinyglobby-0.2.17.tgz. Extracting by manifest.
760 silly tarball no local data for fdir@https://registry.npmjs.org/fdir/-/fdir-6.5.0.tgz. Extracting by manifest.
761 silly tarball no local data for esbuild@https://registry.npmjs.org/esbuild/-/esbuild-0.28.2.tgz. Extracting by manifest.
762 silly tarball no local data for escalade@https://registry.npmjs.org/escalade/-/escalade-3.2.0.tgz. Extracting by manifest.
763 silly tarball no local data for scheduler@https://registry.npmjs.org/scheduler/-/scheduler-0.28.0.tgz. Extracting by manifest.
764 silly tarball no local data for yallist@https://registry.npmjs.org/yallist/-/yallist-3.1.1.tgz. Extracting by manifest.
765 silly tarball no local data for ms@https://registry.npmjs.org/ms/-/ms-2.1.3.tgz. Extracting by manifest.
766 silly tarball no local data for update-browserslist-db@https://registry.npmjs.org/update-browserslist-db/-/update-browserslist-db-1.3.3.tgz. Extracting by manifest.
767 silly tarball no local data for node-releases@https://registry.npmjs.org/node-releases/-/node-releases-2.0.57.tgz. Extracting by manifest.
768 silly tarball no local data for electron-to-chromium@https://registry.npmjs.org/electron-to-chromium/-/electron-to-chromium-1.5.444.tgz. Extracting by manifest.
769 silly tarball no local data for caniuse-lite@https://registry.npmjs.org/caniuse-lite/-/caniuse-lite-1.0.30001814.tgz. Extracting by manifest.
770 silly tarball no local data for baseline-browser-mapping@https://registry.npmjs.org/baseline-browser-mapping/-/baseline-browser-mapping-2.11.27.tgz. Extracting by manifest.
771 silly tarball no local data for @types/babel__traverse@https://registry.npmjs.org/@types/babel__traverse/-/babel__traverse-7.28.0.tgz. Extracting by manifest.
772 silly tarball no local data for @types/babel__template@https://registry.npmjs.org/@types/babel__template/-/babel__template-7.4.4.tgz. Extracting by manifest.
773 silly tarball no local data for @types/babel__generator@https://registry.npmjs.org/@types/babel__generator/-/babel__generator-7.27.0.tgz. Extracting by manifest.
774 silly tarball no local data for @jridgewell/resolve-uri@https://registry.npmjs.org/@jridgewell/resolve-uri/-/resolve-uri-3.1.2.tgz. Extracting by manifest.
775 silly tarball no local data for @jridgewell/sourcemap-codec@https://registry.npmjs.org/@jridgewell/sourcemap-codec/-/sourcemap-codec-1.6.0.tgz. Extracting by manifest.
776 silly tarball no local data for @babel/helper-string-parser@https://registry.npmjs.org/@babel/helper-string-parser/-/helper-string-parser-7.29.7.tgz. Extracting by manifest.
777 silly tarball no local data for @babel/helper-globals@https://registry.npmjs.org/@babel/helper-globals/-/helper-globals-7.29.7.tgz. Extracting by manifest.
778 silly tarball no local data for lru-cache@https://registry.npmjs.org/lru-cache/-/lru-cache-5.1.1.tgz. Extracting by manifest.
779 silly tarball no local data for @babel/helper-module-imports@https://registry.npmjs.org/@babel/helper-module-imports/-/helper-module-imports-7.29.7.tgz. Extracting by manifest.
780 silly tarball no local data for @babel/helper-validator-option@https://registry.npmjs.org/@babel/helper-validator-option/-/helper-validator-option-7.29.7.tgz. Extracting by manifest.
781 silly tarball no local data for @babel/compat-data@https://registry.npmjs.org/@babel/compat-data/-/compat-data-7.29.7.tgz. Extracting by manifest.
782 silly tarball no local data for browserslist@https://registry.npmjs.org/browserslist/-/browserslist-4.29.3.tgz. Extracting by manifest.
783 silly tarball no local data for jsesc@https://registry.npmjs.org/jsesc/-/jsesc-3.1.0.tgz. Extracting by manifest.
784 silly tarball no local data for @jridgewell/trace-mapping@https://registry.npmjs.org/@jridgewell/trace-mapping/-/trace-mapping-0.3.31.tgz. Extracting by manifest.
785 silly tarball no local data for @jridgewell/gen-mapping@https://registry.npmjs.org/@jridgewell/gen-mapping/-/gen-mapping-0.3.13.tgz. Extracting by manifest.
786 silly tarball no local data for @babel/helper-plugin-utils@https://registry.npmjs.org/@babel/helper-plugin-utils/-/helper-plugin-utils-7.29.7.tgz. Extracting by manifest.
787 silly tarball no local data for picocolors@https://registry.npmjs.org/picocolors/-/picocolors-1.1.1.tgz. Extracting by manifest.
788 silly tarball no local data for js-tokens@https://registry.npmjs.org/js-tokens/-/js-tokens-4.0.0.tgz. Extracting by manifest.
789 silly tarball no local data for @babel/helper-validator-identifier@https://registry.npmjs.org/@babel/helper-validator-identifier/-/helper-validator-identifier-7.29.7.tgz. Extracting by manifest.
790 silly tarball no local data for json5@https://registry.npmjs.org/json5/-/json5-2.2.3.tgz. Extracting by manifest.
791 silly tarball no local data for semver@https://registry.npmjs.org/semver/-/semver-6.3.1.tgz. Extracting by manifest.
792 silly tarball no local data for debug@https://registry.npmjs.org/debug/-/debug-4.4.3.tgz. Extracting by manifest.
793 silly tarball no local data for gensync@https://registry.npmjs.org/gensync/-/gensync-1.0.0-beta.2.tgz. Extracting by manifest.
794 silly tarball no local data for @jridgewell/remapping@https://registry.npmjs.org/@jridgewell/remapping/-/remapping-2.3.5.tgz. Extracting by manifest.
795 silly tarball no local data for @babel/types@https://registry.npmjs.org/@babel/types/-/types-7.29.8.tgz. Extracting by manifest.
796 silly tarball no local data for @babel/traverse@https://registry.npmjs.org/@babel/traverse/-/traverse-7.29.8.tgz. Extracting by manifest.
797 silly tarball no local data for @babel/parser@https://registry.npmjs.org/@babel/parser/-/parser-7.29.9.tgz. Extracting by manifest.
798 silly tarball no local data for convert-source-map@https://registry.npmjs.org/convert-source-map/-/convert-source-map-2.0.0.tgz. Extracting by manifest.
799 silly tarball no local data for @babel/helpers@https://registry.npmjs.org/@babel/helpers/-/helpers-7.29.7.tgz. Extracting by manifest.
800 silly tarball no local data for @babel/helper-module-transforms@https://registry.npmjs.org/@babel/helper-module-transforms/-/helper-module-transforms-7.29.7.tgz. Extracting by manifest.
801 silly tarball no local data for @babel/helper-compilation-targets@https://registry.npmjs.org/@babel/helper-compilation-targets/-/helper-compilation-targets-7.29.7.tgz. Extracting by manifest.
802 silly tarball no local data for @babel/generator@https://registry.npmjs.org/@babel/generator/-/generator-7.29.8.tgz. Extracting by manifest.
803 silly tarball no local data for @babel/code-frame@https://registry.npmjs.org/@babel/code-frame/-/code-frame-7.29.7.tgz. Extracting by manifest.
804 silly tarball no local data for react-refresh@https://registry.npmjs.org/react-refresh/-/react-refresh-0.18.0.tgz. Extracting by manifest.
805 silly tarball no local data for @rolldown/pluginutils@https://registry.npmjs.org/@rolldown/pluginutils/-/pluginutils-1.0.0-rc.3.tgz. Extracting by manifest.
806 silly tarball no local data for @babel/plugin-transform-react-jsx-source@https://registry.npmjs.org/@babel/plugin-transform-react-jsx-source/-/plugin-transform-react-jsx-source-7.29.7.tgz. Extracting by manifest.
807 silly tarball no local data for @babel/plugin-transform-react-jsx-self@https://registry.npmjs.org/@babel/plugin-transform-react-jsx-self/-/plugin-transform-react-jsx-self-7.29.7.tgz. Extracting by manifest.
808 silly tarball no local data for @babel/core@https://registry.npmjs.org/@babel/core/-/core-7.29.7.tgz. Extracting by manifest.
809 silly tarball no local data for react-dom@https://registry.npmjs.org/react-dom/-/react-dom-19.3.0.tgz. Extracting by manifest.
810 silly tarball no local data for react@https://registry.npmjs.org/react/-/react-19.3.0.tgz. Extracting by manifest.
811 silly tarball no local data for @babel/template@https://registry.npmjs.org/@babel/template/-/template-7.29.7.tgz. Extracting by manifest.
812 silly tarball no local data for lucide-react@https://registry.npmjs.org/lucide-react/-/lucide-react-0.468.0.tgz. Extracting by manifest.
813 silly tarball no local data for vite@https://registry.npmjs.org/vite/-/vite-7.3.6.tgz. Extracting by manifest.
814 silly tarball no local data for @vitejs/plugin-react@https://registry.npmjs.org/@vitejs/plugin-react/-/plugin-react-5.2.0.tgz. Extracting by manifest.
815 silly tarball no local data for @types/babel__core@https://registry.npmjs.org/@types/babel__core/-/babel__core-7.20.5.tgz. Extracting by manifest.
816 http fetch GET 200 https://registry.npmjs.org/@types/estree/-/estree-1.0.9.tgz 156ms (cache miss)
817 http fetch GET 200 https://registry.npmjs.org/nanoid/-/nanoid-3.3.19.tgz 161ms (cache miss)
818 http fetch GET 200 https://registry.npmjs.org/escalade/-/escalade-3.2.0.tgz 613ms (cache miss)
819 http fetch GET 200 https://registry.npmjs.org/fdir/-/fdir-6.5.0.tgz 616ms (cache miss)
820 http fetch GET 200 https://registry.npmjs.org/picomatch/-/picomatch-4.0.7.tgz 617ms (cache miss)
821 http fetch GET 200 https://registry.npmjs.org/ms/-/ms-2.1.3.tgz 659ms (cache miss)
822 http fetch GET 200 https://registry.npmjs.org/source-map-js/-/source-map-js-1.2.2.tgz 661ms (cache miss)
823 http fetch GET 200 https://registry.npmjs.org/tinyglobby/-/tinyglobby-0.2.17.tgz 676ms (cache miss)
824 http fetch GET 200 https://registry.npmjs.org/update-browserslist-db/-/update-browserslist-db-1.3.3.tgz 682ms (cache miss)
825 http fetch GET 200 https://registry.npmjs.org/node-releases/-/node-releases-2.0.57.tgz 682ms (cache miss)
826 http fetch GET 200 https://registry.npmjs.org/electron-to-chromium/-/electron-to-chromium-1.5.444.tgz 726ms (cache miss)
827 http fetch GET 200 https://registry.npmjs.org/@types/babel__template/-/babel__template-7.4.4.tgz 1192ms (cache miss)
828 http fetch GET 200 https://registry.npmjs.org/caniuse-lite/-/caniuse-lite-1.0.30001814.tgz 1242ms (cache miss)
829 http fetch GET 200 https://registry.npmjs.org/@jridgewell/sourcemap-codec/-/sourcemap-codec-1.6.0.tgz 1335ms (cache miss)
830 http fetch GET 200 https://registry.npmjs.org/@jridgewell/resolve-uri/-/resolve-uri-3.1.2.tgz 1335ms (cache miss)
831 http fetch GET 200 https://registry.npmjs.org/@babel/helper-globals/-/helper-globals-7.29.7.tgz 1355ms (cache miss)
832 http fetch GET 200 https://registry.npmjs.org/baseline-browser-mapping/-/baseline-browser-mapping-2.11.27.tgz 1356ms (cache miss)
833 http fetch GET 200 https://registry.npmjs.org/@babel/helper-string-parser/-/helper-string-parser-7.29.7.tgz 1357ms (cache miss)
834 http fetch GET 200 https://registry.npmjs.org/postcss/-/postcss-8.5.28.tgz 1518ms (cache miss)
835 http fetch GET 200 https://registry.npmjs.org/lru-cache/-/lru-cache-5.1.1.tgz 1516ms (cache miss)
836 http fetch GET 200 https://registry.npmjs.org/@babel/compat-data/-/compat-data-7.29.7.tgz 1559ms (cache miss)
837 http fetch GET 200 https://registry.npmjs.org/browserslist/-/browserslist-4.29.3.tgz 1561ms (cache miss)
838 http fetch GET 200 https://registry.npmjs.org/@babel/helper-module-imports/-/helper-module-imports-7.29.7.tgz 1669ms (cache miss)
839 http fetch GET 200 https://registry.npmjs.org/@babel/helper-plugin-utils/-/helper-plugin-utils-7.29.7.tgz 1671ms (cache miss)
840 http fetch GET 200 https://registry.npmjs.org/@jridgewell/trace-mapping/-/trace-mapping-0.3.31.tgz 1671ms (cache miss)
841 http fetch GET 200 https://registry.npmjs.org/@jridgewell/gen-mapping/-/gen-mapping-0.3.13.tgz 1687ms (cache miss)
842 http fetch GET 200 https://registry.npmjs.org/jsesc/-/jsesc-3.1.0.tgz 1701ms (cache miss)
843 http fetch GET 200 https://registry.npmjs.org/picocolors/-/picocolors-1.1.1.tgz 1739ms (cache miss)
844 http fetch GET 200 https://registry.npmjs.org/js-tokens/-/js-tokens-4.0.0.tgz 1767ms (cache miss)
845 http fetch GET 200 https://registry.npmjs.org/json5/-/json5-2.2.3.tgz 1771ms (cache miss)
846 http fetch GET 200 https://registry.npmjs.org/@babel/helper-validator-identifier/-/helper-validator-identifier-7.29.7.tgz 1779ms (cache miss)
847 http fetch GET 200 https://registry.npmjs.org/debug/-/debug-4.4.3.tgz 1886ms (cache miss)
848 http fetch GET 200 https://registry.npmjs.org/@jridgewell/remapping/-/remapping-2.3.5.tgz 1973ms (cache miss)
849 http fetch GET 200 https://registry.npmjs.org/@types/babel__traverse/-/babel__traverse-7.28.0.tgz 2242ms (cache miss)
850 http fetch GET 200 https://registry.npmjs.org/semver/-/semver-6.3.1.tgz 2240ms (cache miss)
851 http fetch GET 200 https://registry.npmjs.org/convert-source-map/-/convert-source-map-2.0.0.tgz 2779ms (cache miss)
852 http fetch GET 200 https://registry.npmjs.org/@babel/parser/-/parser-7.29.9.tgz 3097ms (cache miss)
853 http fetch GET 200 https://registry.npmjs.org/@babel/helper-validator-option/-/helper-validator-option-7.29.7.tgz 3294ms (cache miss)
854 http fetch GET 200 https://registry.npmjs.org/@babel/helper-compilation-targets/-/helper-compilation-targets-7.29.7.tgz 3773ms (cache miss)
855 http fetch GET 200 https://registry.npmjs.org/@babel/code-frame/-/code-frame-7.29.7.tgz 3906ms (cache miss)
856 http fetch GET 200 https://registry.npmjs.org/react-refresh/-/react-refresh-0.18.0.tgz 3999ms (cache miss)
857 http fetch GET 200 https://registry.npmjs.org/@babel/helper-module-transforms/-/helper-module-transforms-7.29.7.tgz 4000ms (cache miss)
858 http fetch GET 200 https://registry.npmjs.org/rollup/-/rollup-4.64.0.tgz 4010ms (cache miss)
859 http fetch GET 200 https://registry.npmjs.org/@babel/generator/-/generator-7.29.8.tgz 4137ms (cache miss)
860 http fetch GET 200 https://registry.npmjs.org/@babel/plugin-transform-react-jsx-self/-/plugin-transform-react-jsx-self-7.29.7.tgz 4145ms (cache miss)
861 http fetch GET 200 https://registry.npmjs.org/@rolldown/pluginutils/-/pluginutils-1.0.0-rc.3.tgz 4332ms (cache miss)
862 http fetch GET 200 https://registry.npmjs.org/gensync/-/gensync-1.0.0-beta.2.tgz 4334ms (cache miss)
863 http fetch GET 200 https://registry.npmjs.org/@babel/types/-/types-7.29.8.tgz 4371ms (cache miss)
864 http fetch GET 200 https://registry.npmjs.org/@babel/plugin-transform-react-jsx-source/-/plugin-transform-react-jsx-source-7.29.7.tgz 4679ms (cache miss)
865 http fetch GET 200 https://registry.npmjs.org/react/-/react-19.3.0.tgz 4935ms (cache miss)
866 http fetch GET 200 https://registry.npmjs.org/@babel/template/-/template-7.29.7.tgz 4945ms (cache miss)
867 http fetch GET 200 https://registry.npmjs.org/@types/babel__core/-/babel__core-7.20.5.tgz 5829ms (cache miss)
868 http fetch GET 200 https://registry.npmjs.org/@vitejs/plugin-react/-/plugin-react-5.2.0.tgz 6600ms (cache miss)
869 http fetch GET 200 https://registry.npmjs.org/@babel/core/-/core-7.29.7.tgz 7472ms (cache miss)
870 http fetch GET 200 https://registry.npmjs.org/vite/-/vite-7.3.6.tgz 8016ms (cache miss)
871 http fetch GET 200 https://registry.npmjs.org/@babel/traverse/-/traverse-7.29.8.tgz 8100ms (cache miss)
872 http fetch GET 200 https://registry.npmjs.org/@babel/helpers/-/helpers-7.29.7.tgz 11208ms (cache miss)
873 http fetch GET 200 https://registry.npmjs.org/lucide-react/-/lucide-react-0.468.0.tgz 14223ms (cache miss)
874 http fetch GET 200 https://registry.npmjs.org/@rollup/rollup-darwin-arm64/-/rollup-darwin-arm64-4.64.0.tgz 14991ms (cache miss)
875 http fetch GET 200 https://registry.npmjs.org/yallist/-/yallist-3.1.1.tgz 15746ms (cache miss)
876 http fetch GET 200 https://registry.npmjs.org/@types/babel__generator/-/babel__generator-7.27.0.tgz 15744ms (cache miss)
877 http fetch GET 200 https://registry.npmjs.org/react-dom/-/react-dom-19.3.0.tgz 15864ms (cache miss)
